// Jest Snapshot v1, https://goo.gl/fbAQLP

exports[`SearchBox matches wrapper snapshot: wrapper mount 1`] = `
.glamor-2,
[data-glamor-2] {
  box-sizing: border-box;
  display: -webkit-box;
  display: -moz-box;
  display: -ms-flexbox;
  display: -webkit-flex;
  display: flex;
  width: 100%;
  background: #ffffff;
}

.glamor-0,
[data-glamor-0] {
  width: 100%;
  height: 40px;
  padding: 6px;
  margin: 0;
  border: solid 1px #bfc1c3;
  border-right: 0;
  box-sizing: border-box;
  font-family: 'nta', Arial, sans-serif;
  font-weight: 400;
  text-transform: none;
  font-size: 16px;
  line-height: 1.75;
  background: #fff;
  border-radius: 0;
  -webkit-appearance: none;
}

.glamor-0:focus,
[data-glamor-0]:focus {
  margin-right: 3px;
  outline: 3px solid #ffbf47;
  outline-offset: 0;
}

.glamor-0:focus ~ button,
[data-glamor-0]:focus ~ button {
  width: 46px;
}

.glamor-1,
[data-glamor-1] {
  background-color: #2b8cc4;
  border: 0;
  display: block;
  color: #fff;
  position: relative;
  padding: 0px;
  width: 45px;
  height: 40px;
  background-image: url(https://govuk-static.herokuapp.com/static/search-button-ca89b2a79f944909ceb7370d3f0b78811d32b96e883348fcd8886f63dd619585.png);
  background-repeat: no-repeat;
  background-position: 2px 50%;
  text-indent: -5000px;
  overflow: hidden;
}

.glamor-1:focus,
[data-glamor-1]:focus {
  outline: 3px solid #ffbf47;
  outline-offset: 0;
}

<SearchBox
  placeholder="example"
>
  <glamorous(div)>
    <div
      className="glamor-2"
    >
      <glamorous(input)
        placeholder="example"
        type="search"
      >
        <input
          className="glamor-0"
          placeholder="example"
          type="search"
        />
      </glamorous(input)>
      <glamorous(button)>
        <button
          className="glamor-1"
        >
          Search
        </button>
      </glamorous(button)>
    </div>
  </glamorous(div)>
</SearchBox>
`;
