// Jest Snapshot v1, https://goo.gl/fbAQLP

exports[`FileUpload matches snapshot: enzyme.mount 1`] = `
.c0 {
  display: -webkit-box;
  display: -webkit-flex;
  display: -ms-flexbox;
  display: flex;
  -webkit-flex-direction: column;
  -ms-flex-direction: column;
  flex-direction: column;
  box-sizing: border-box;
  margin-bottom: 0;
}

.c0:after {
  content: '';
  display: table;
  clear: both;
}

.c1 {
  font-family: "nta",Arial,sans-serif;
  -webkit-font-smoothing: antialiased;
  -moz-osx-font-smoothing: grayscale;
  font-weight: 400;
  font-size: 16px;
  line-height: 1.25;
  color: #0b0c0c;
  display: block;
  clear: none;
  padding-bottom: 2px;
  margin-bottom: 0;
}

.c2 {
  box-sizing: border-box;
  font-family: "nta",Arial,sans-serif;
  -webkit-font-smoothing: antialiased;
  -moz-osx-font-smoothing: grayscale;
  font-weight: 400;
  text-transform: none;
  font-size: 14px;
  line-height: 1.1428571429;
  width: 100%;
  padding: 5px 4px 4px;
}

@media only screen and (min-width:641px) {
  .c0 {
    margin-bottom: 0;
  }
}

@media print {
  .c1 {
    font-size: 14px;
    line-height: 1.15;
  }
}

@media only screen and (min-width:641px) {
  .c1 {
    font-size: 19px;
    line-height: 1.3157894736842106;
  }
}

@media print {
  .c1 {
    color: #000;
  }
}

@media only screen and (min-width:641px) {
  .c1 {
    margin-bottom: 0;
  }
}

@media only screen and (min-width:641px) {
  .c2 {
    font-size: 16px;
    line-height: 1.25;
    width: 50%;
  }
}

<FileUpload
  meta={Object {}}
>
  <Label
    error={false}
  >
    <src__StyledLabel
      error={false}
    >
      <label
        className="c0"
      >
        <LabelText>
          <src__StyledLabelText>
            <span
              className="c1"
            >
              example
            </span>
          </src__StyledLabelText>
        </LabelText>
        <src__StyledInput
          type="file"
        >
          <input
            className="c2"
            type="file"
          />
        </src__StyledInput>
      </label>
    </src__StyledLabel>
  </Label>
</FileUpload>
`;
