// Jest Snapshot v1, https://goo.gl/fbAQLP

exports[`GridRow matches snapshot: enzyme.mount 1`] = `
.c0 {
  display: -webkit-box;
  display: -webkit-flex;
  display: -ms-flexbox;
  display: flex;
  -webkit-flex-direction: column;
  -ms-flex-direction: column;
  flex-direction: column;
  margin: 0 -15px;
}

@media only screen and (min-width:641px) {
  .c0 {
    -webkit-flex-direction: row;
    -ms-flex-direction: row;
    flex-direction: row;
  }
}

<GridRow>
  <src__StyledRow>
    <div
      className="c0"
    >
      Example
    </div>
  </src__StyledRow>
</GridRow>
`;
