// Jest Snapshot v1, https://goo.gl/fbAQLP

exports[`Layout matches wrapper snapshot: wrapper mount 1`] = `
.c0 {
  padding: 10px;
  box-sizing: border-box;
}

<Layout>
  <src__StyledLayout>
    <div
      className="c0"
    >
      example
    </div>
  </src__StyledLayout>
</Layout>
`;
