// Jest Snapshot v1, https://goo.gl/fbAQLP

exports[`Caption matches wrapper snapshot 1`] = `
.c0 {
  font-family: "nta",Arial,sans-serif;
  -webkit-font-smoothing: antialiased;
  -moz-osx-font-smoothing: grayscale;
  font-weight: 400;
  font-size: 18px;
  line-height: 1.1111111111111112;
  margin-bottom: 5px;
  display: block;
  color: #6f777b;
}

@media print {
  .c0 {
    font-size: 18px;
    line-height: 1.15;
  }
}

@media only screen and (min-width:641px) {
  .c0 {
    font-size: 27px;
    line-height: 1.1111111111111112;
  }
}

<Caption
  size="XL"
>
  <src__StyledCaption
    size="XL"
  >
    <span
      className="c0"
      size="XL"
    >
      Heading text
    </span>
  </src__StyledCaption>
</Caption>
`;
