// Jest Snapshot v1, https://goo.gl/fbAQLP

exports[`details matches the Details snapshot: details 1`] = `
.c0 {
  font-family: "nta",Arial,sans-serif;
  -webkit-font-smoothing: antialiased;
  -moz-osx-font-smoothing: grayscale;
  font-weight: 400;
  font-size: 16px;
  line-height: 1.25;
  color: #0b0c0c;
  margin-bottom: 20px;
  display: block;
}

.c2 {
  display: inline-block;
  position: relative;
  margin-bottom: 5px;
  padding-left: 25px;
  color: #1d70b8;
  cursor: pointer;
}

.c2:hover {
  color: #2b8cc4;
}

.c2:focus {
  outline: 4px solid #ffdd00;
  outline-offset: -1px;
  color: #0b0c0c;
  background: #ffdd00;
}

.c2::-webkit-details-marker {
  display: none;
}

.c2:before {
  content: "";
  position: absolute;
  top: 0;
  bottom: 0;
  left: 0;
  margin: auto;
  display: block;
  width: 0;
  height: 0;
  border-style: solid;
  border-color: transparent;
  -webkit-clip-path: polygon(0% 0%,100% 50%,0% 100%);
  clip-path: polygon(0% 0%,100% 50%,0% 100%);
  border-width: 7px 0 7px 12.124px;
  border-left-color: inherit;
}

[open] > .c1:before {
  display: block;
  width: 0;
  height: 0;
  border-style: solid;
  border-color: transparent;
  -webkit-clip-path: polygon(0% 0%,50% 100%,100% 0%);
  clip-path: polygon(0% 0%,50% 100%,100% 0%);
  border-width: 12.124px 7px 0 7px;
  border-top-color: inherit;
}

.c3 {
  -webkit-text-decoration: underline;
  text-decoration: underline;
}

.c4 {
  padding: 15px;
  padding-left: 20px;
  border-left: 5px solid #bfc1c3;
}

.c4 p {
  margin-top: 0;
  margin-bottom: 20px;
}

.c4 > :last-child,
.c4 p:last-child {
  margin-bottom: 0;
}

@media print {
  .c0 {
    font-size: 14px;
    line-height: 1.15;
  }
}

@media only screen and (min-width:641px) {
  .c0 {
    font-size: 19px;
    line-height: 1.3157894736842106;
  }
}

@media print {
  .c0 {
    color: #000;
  }
}

@media only screen and (min-width:641px) {
  .c0 {
    margin-bottom: 30px;
  }
}

<DetailsSimple>
  <Details
    open={false}
    summary="Help with nationality"
  >
    <src__StyledDetails
      open={false}
    >
      <details
        className="c0"
        open={false}
      >
        <src__StyledSummary>
          <summary
            className="c1 c2"
          >
            <src__SummaryText>
              <span
                className="c3"
              >
                Help with nationality
              </span>
            </src__SummaryText>
          </summary>
        </src__StyledSummary>
        <src__DetailsText>
          <div
            className="c4"
          >
            If youâ€™re not sure about your nationality, try to find out from an official document like a passport or national ID card.
          </div>
        </src__DetailsText>
      </details>
    </src__StyledDetails>
  </Details>
</DetailsSimple>
`;
