// Jest Snapshot v1, https://goo.gl/fbAQLP

exports[`ArrowRight matches wrapper snapshot: wrapper mount 1`] = `
<ArrowRight
  colour="currentColor"
  title="arrow right"
>
  <SVG
    colour="currentColor"
    title="arrow right"
  >
    <svg
      fill="currentColor"
      height="100%"
      style={
        Object {
          "display": "block",
        }
      }
      version="1.1"
      viewBox="-0.2 0 17 14"
      width="100%"
      x="0px"
      xmlns="http://www.w3.org/2000/svg"
      y="0px"
    >
      <title>
        arrow right
      </title>
      <path
        d="m10.107-0.0078125-1.4136 1.414 4.2926 4.293h-12.986v2h12.896l-4.1855 3.9766 1.377 1.4492 6.7441-6.4062-6.7246-6.7266z"
      />
    </svg>
  </SVG>
</ArrowRight>
`;
