// Jest Snapshot v1, https://goo.gl/fbAQLP

exports[`Fieldset matches snapshot: Fieldset 1`] = `
.c0 {
  border: 0;
  margin: 0;
  padding: 0;
}

.c0:after {
  content: "";
  display: block;
  clear: both;
}

@media only screen and (min-width:641px) {
  .c0 {
    margin: 0;
  }
}

@media only screen and (min-width:641px) {
  .c0 {
    padding: 0;
  }
}

<FieldsetDocumented>
  <src__Fieldset>
    <fieldset
      className="c0"
    />
  </src__Fieldset>
</FieldsetDocumented>
`;
