// Jest Snapshot v1, https://goo.gl/fbAQLP

exports[`HintText matches wrapper snapshot: wrapper mount 1`] = `
.c0 {
  font-family: "nta",Arial,sans-serif;
  -webkit-font-smoothing: antialiased;
  -moz-osx-font-smoothing: grayscale;
  font-weight: 400;
  font-size: 16px;
  line-height: 1.25;
  display: block;
  margin-bottom: 15px;
  color: #6f777b;
}

@media print {
  .c0 {
    font-size: 14px;
    line-height: 1.15;
  }
}

@media only screen and (min-width:641px) {
  .c0 {
    font-size: 19px;
    line-height: 1.3157894736842106;
  }
}

<HintText>
  <src__StyledHint>
    <span
      className="c0"
    >
      example
    </span>
  </src__StyledHint>
</HintText>
`;
