// Jest Snapshot v1, https://goo.gl/fbAQLP

exports[`Styled matches wrapper snapshot: wrapper mount 1`] = `
.emotion-3 {
  margin-bottom: 0;
}

@media only screen and (min-width:641px) {
  .emotion-3 {
    margin-bottom: 0;
  }
}

.emotion-1 {
  font-family: "nta",Arial,sans-serif;
  font-weight: 400;
  text-transform: none;
  font-size: 14px;
  line-height: 1.1428571429;
  width: 100%;
  margin-bottom: 0;
}

@media only screen and (min-width:641px) {
  .emotion-1 {
    font-size: 16px;
    line-height: 1.25;
    margin-bottom: 5px;
  }
}

@media only screen and (min-width:641px) {
  .emotion-1 {
    margin-bottom: 0;
  }
}

<StyledHoc>
  <ListItem
    className="emotion-3 emotion-0"
  >
    <StyledListItem
      className="emotion-3 emotion-0"
    >
      <li
        className="emotion-0 emotion-1 emotion-2"
      >
        example
      </li>
    </StyledListItem>
  </ListItem>
</StyledHoc>
`;
