// Jest Snapshot v1, https://goo.gl/fbAQLP

exports[`breadcrumb matches snapshot: enzyme.mount 1`] = `
.emotion-4 {
  margin-bottom: 10px;
}

@media only screen and (min-width:641px) {
  .emotion-4 {
    margin-bottom: 10px;
  }
}

.emotion-3 {
  font-family: "nta",Arial,sans-serif;
  font-size: 14px;
  line-height: 1.1428571429;
  margin-top: 15px;
  -webkit-font-smoothing: antialiased;
  margin-bottom: 10px;
}

@media only screen and (min-width:641px) {
  .emotion-3 {
    font-size: 16px;
    line-height: 1.25;
  }
}

@media only screen and (min-width:641px) {
  .emotion-3 {
    margin-bottom: 10px;
  }
}

.emotion-2 {
  margin: 0;
  padding: 0;
  list-style-type: none;
  display: block;
}

.emotion-0 {
  position: relative;
  display: inline-block;
  white-space: no-wrap;
  margin-bottom: 5px;
  margin-left: 10px;
  padding-left: 15px;
}

.emotion-0:first-child {
  margin-left: 0;
  padding-left: 0;
}

.emotion-0:first-child::before {
  display: none;
}

.emotion-0::before {
  content: '';
  display: block;
  position: absolute;
  top: -1px;
  bottom: 1px;
  left: -3.31px;
  width: 7px;
  height: 7px;
  margin: auto 0;
  -webkit-transform: rotate(45deg);
  -ms-transform: rotate(45deg);
  transform: rotate(45deg);
  border: solid;
  border-width: 1px 1px 0 0;
  border-color: #6f777b;
}

.emotion-0 > a {
  color: #0b0c0c;
  -webkit-text-decoration: underline;
  text-decoration: underline;
}

.emotion-0 > a:focus {
  background-color: #ffbf47;
  outline: 3px solid #ffbf47;
}

<Styled(Breadcrumb)>
  <Breadcrumb
    className="emotion-4"
  >
    <Styled(div)
      className="emotion-4"
    >
      <div
        className="emotion-3"
      >
        <Styled(ul)>
          <ul
            className="emotion-2"
          >
            <Styled(li)
              key="0"
            >
              <li
                className="emotion-0"
              >
                <a
                  href="/section"
                >
                  Section 1
                </a>
              </li>
            </Styled(li)>
            <Styled(li)
              key="1"
            >
              <li
                className="emotion-0"
              >
                example
              </li>
            </Styled(li)>
          </ul>
        </Styled(ul)>
      </div>
    </Styled(div)>
  </Breadcrumb>
</Styled(Breadcrumb)>
`;
