// Jest Snapshot v1, https://goo.gl/fbAQLP

exports[`FileUpload matches snapshot: enzyme.mount 1`] = `
.glamor-2,
[data-glamor-2] {
  display: -webkit-box;
  display: -moz-box;
  display: -ms-flexbox;
  display: -webkit-flex;
  display: flex;
  flex-direction: column;
  box-sizing: border-box;
  width: 100%;
  -webkit-box-orient: vertical;
  -webkit-box-direction: normal;
  -webkit-flex-direction: column;
}

.glamor-2:after,
[data-glamor-2]:after {
  content: '';
  display: table;
  clear: both;
}

.glamor-0,
[data-glamor-0] {
  font-family: "nta", Arial, sans-serif;
  -webkit-font-smoothing: antialiased;
  -moz-osx-font-smoothing: grayscale;
  display: block;
  clear: none;
  font-weight: 400;
  font-size: 16px;
  line-height: 1.25;
  color: #0b0c0c;
  padding-bottom: 2px;
}

.glamor-1,
[data-glamor-1] {
  box-sizing: border-box;
  font-family: "nta", Arial, sans-serif;
  -webkit-font-smoothing: antialiased;
  -moz-osx-font-smoothing: grayscale;
  font-weight: 400;
  text-transform: none;
  font-size: 14px;
  width: 100%;
  padding: 5px 4px 4px;
}

@media only screen and (min-width: 641px) {
  .glamor-2,
  [data-glamor-2] {
    max-width: 960px;
  }
}

@media only screen and (min-width: 641px) {
  .glamor-0,
  [data-glamor-0] {
    font-size: 19px;
    line-height: 1.31579;
  }
}

@media only screen and (min-width: 641px) {
  .glamor-1,
  [data-glamor-1] {
    width: 50%;
  }
}

<FileUpload
  acceptedFormats={null}
  hint={null}
  meta={Object {}}
>
  <Label>
    <glamorous(label)>
      <label
        className="glamor-2"
      >
        <LabelText>
          <glamorous(span)>
            <span
              className="glamor-0"
            >
              example
            </span>
          </glamorous(span)>
        </LabelText>
        <glamorous(input)
          accept={null}
          type="file"
        >
          <input
            accept={null}
            className="glamor-1"
            type="file"
          />
        </glamorous(input)>
      </label>
    </glamorous(label)>
  </Label>
</FileUpload>
`;
