// Jest Snapshot v1, https://goo.gl/fbAQLP

exports[`Main matches wrapper snapshot 1`] = `
.emotion-1 {
  padding-top: 30px;
  text-align: center;
}

.emotion-0 {
  max-width: 960px;
  margin-left: 15px;
  margin-right: 15px;
  text-align: left;
}

@media only screen and (min-width:641px) {
  .emotion-0 {
    margin-left: 30px;
    margin-right: 30px;
  }
}

@media only screen and (min-width:1020px) {
  .emotion-0 {
    margin: 0 auto;
  }
}

<Main>
  <Styled(div)>
    <div
      className="emotion-1"
    >
      <Styled(div)>
        <div
          className="emotion-0"
        >
          <div>
            Exmaple
          </div>
        </div>
      </Styled(div)>
    </div>
  </Styled(div)>
</Main>
`;
